{"authorization": "train64_only", "event": "calibration_started", "source_commit": "173f4604a8891adda1c5c84dae1558767cb50071", "utc": "2026-09-03T05:31:48.775601+00:00"}
{"event": "teacher_cache_started", "seed": 20260824, "utc": "2026-09-03T05:31:50.308870+00:00"}
{"clean_batches": 16, "event": "teacher_cache_complete", "perturbed_batches": 128, "seed": 20260824, "utc": "2026-09-03T05:31:54.144960+00:00"}
{"batch_index": 0, "event": "seed_batch_complete", "observations": 8, "seed": 20260824, "utc": "2026-09-03T05:31:58.551015+00:00"}
{"batch_index": 1, "event": "seed_batch_complete", "observations": 16, "seed": 20260824, "utc": "2026-09-03T05:32:01.845520+00:00"}
{"batch_index": 2, "event": "seed_batch_complete", "observations": 24, "seed": 20260824, "utc": "2026-09-03T05:32:05.113759+00:00"}
{"batch_index": 3, "event": "seed_batch_complete", "observations": 32, "seed": 20260824, "utc": "2026-09-03T05:32:08.282037+00:00"}
{"batch_index": 4, "event": "seed_batch_complete", "observations": 40, "seed": 20260824, "utc": "2026-09-03T05:32:11.543336+00:00"}
{"batch_index": 5, "event": "seed_batch_complete", "observations": 48, "seed": 20260824, "utc": "2026-09-03T05:32:14.739724+00:00"}
{"batch_index": 6, "event": "seed_batch_complete", "observations": 56, "seed": 20260824, "utc": "2026-09-03T05:32:17.920024+00:00"}
{"batch_index": 7, "event": "seed_batch_complete", "observations": 64, "seed": 20260824, "utc": "2026-09-03T05:32:21.184059+00:00"}
{"batch_index": 8, "event": "seed_batch_complete", "observations": 72, "seed": 20260824, "utc": "2026-09-03T05:32:24.389093+00:00"}
{"batch_index": 9, "event": "seed_batch_complete", "observations": 80, "seed": 20260824, "utc": "2026-09-03T05:32:27.630856+00:00"}
{"batch_index": 10, "event": "seed_batch_complete", "observations": 88, "seed": 20260824, "utc": "2026-09-03T05:32:30.908036+00:00"}
{"batch_index": 11, "event": "seed_batch_complete", "observations": 96, "seed": 20260824, "utc": "2026-09-03T05:32:34.227101+00:00"}
{"batch_index": 12, "event": "seed_batch_complete", "observations": 104, "seed": 20260824, "utc": "2026-09-03T05:32:37.413070+00:00"}
{"batch_index": 13, "event": "seed_batch_complete", "observations": 112, "seed": 20260824, "utc": "2026-09-03T05:32:40.547346+00:00"}
{"batch_index": 14, "event": "seed_batch_complete", "observations": 120, "seed": 20260824, "utc": "2026-09-03T05:32:43.906331+00:00"}
{"batch_index": 15, "event": "seed_batch_complete", "observations": 128, "seed": 20260824, "utc": "2026-09-03T05:32:47.228021+00:00"}
{"event": "seed_complete", "observations": 128, "seed": 20260824, "state_unchanged": true, "utc": "2026-09-03T05:32:47.503876+00:00"}
{"event": "teacher_cache_started", "seed": 20260825, "utc": "2026-09-03T05:32:47.505876+00:00"}
{"clean_batches": 16, "event": "teacher_cache_complete", "perturbed_batches": 128, "seed": 20260825, "utc": "2026-09-03T05:32:49.565560+00:00"}
{"batch_index": 0, "event": "seed_batch_complete", "observations": 8, "seed": 20260825, "utc": "2026-09-03T05:32:53.307854+00:00"}
{"batch_index": 1, "event": "seed_batch_complete", "observations": 16, "seed": 20260825, "utc": "2026-09-03T05:32:56.489135+00:00"}
{"batch_index": 2, "event": "seed_batch_complete", "observations": 24, "seed": 20260825, "utc": "2026-09-03T05:32:59.815399+00:00"}
{"batch_index": 3, "event": "seed_batch_complete", "observations": 32, "seed": 20260825, "utc": "2026-09-03T05:33:03.232784+00:00"}
{"batch_index": 4, "event": "seed_batch_complete", "observations": 40, "seed": 20260825, "utc": "2026-09-03T05:33:06.454823+00:00"}
{"batch_index": 5, "event": "seed_batch_complete", "observations": 48, "seed": 20260825, "utc": "2026-09-03T05:33:09.720756+00:00"}
{"batch_index": 6, "event": "seed_batch_complete", "observations": 56, "seed": 20260825, "utc": "2026-09-03T05:33:12.890327+00:00"}
{"batch_index": 7, "event": "seed_batch_complete", "observations": 64, "seed": 20260825, "utc": "2026-09-03T05:33:16.173302+00:00"}
{"batch_index": 8, "event": "seed_batch_complete", "observations": 72, "seed": 20260825, "utc": "2026-09-03T05:33:19.429726+00:00"}
{"batch_index": 9, "event": "seed_batch_complete", "observations": 80, "seed": 20260825, "utc": "2026-09-03T05:33:22.579116+00:00"}
{"batch_index": 10, "event": "seed_batch_complete", "observations": 88, "seed": 20260825, "utc": "2026-09-03T05:33:25.757903+00:00"}
{"batch_index": 11, "event": "seed_batch_complete", "observations": 96, "seed": 20260825, "utc": "2026-09-03T05:33:28.873376+00:00"}
{"batch_index": 12, "event": "seed_batch_complete", "observations": 104, "seed": 20260825, "utc": "2026-09-03T05:33:32.206869+00:00"}
{"batch_index": 13, "event": "seed_batch_complete", "observations": 112, "seed": 20260825, "utc": "2026-09-03T05:33:35.497488+00:00"}
{"batch_index": 14, "event": "seed_batch_complete", "observations": 120, "seed": 20260825, "utc": "2026-09-03T05:33:38.729854+00:00"}
{"batch_index": 15, "event": "seed_batch_complete", "observations": 128, "seed": 20260825, "utc": "2026-09-03T05:33:41.887615+00:00"}
{"event": "seed_complete", "observations": 128, "seed": 20260825, "state_unchanged": true, "utc": "2026-09-03T05:33:42.154484+00:00"}
{"event": "teacher_cache_started", "seed": 20260826, "utc": "2026-09-03T05:33:42.156041+00:00"}
{"clean_batches": 16, "event": "teacher_cache_complete", "perturbed_batches": 128, "seed": 20260826, "utc": "2026-09-03T05:33:44.205899+00:00"}
{"batch_index": 0, "event": "seed_batch_complete", "observations": 8, "seed": 20260826, "utc": "2026-09-03T05:33:47.849180+00:00"}
{"batch_index": 1, "event": "seed_batch_complete", "observations": 16, "seed": 20260826, "utc": "2026-09-03T05:33:51.102866+00:00"}
{"batch_index": 2, "event": "seed_batch_complete", "observations": 24, "seed": 20260826, "utc": "2026-09-03T05:33:54.265446+00:00"}
{"batch_index": 3, "event": "seed_batch_complete", "observations": 32, "seed": 20260826, "utc": "2026-09-03T05:33:57.548275+00:00"}
{"batch_index": 4, "event": "seed_batch_complete", "observations": 40, "seed": 20260826, "utc": "2026-09-03T05:34:00.664929+00:00"}
{"batch_index": 5, "event": "seed_batch_complete", "observations": 48, "seed": 20260826, "utc": "2026-09-03T05:34:03.960345+00:00"}
{"batch_index": 6, "event": "seed_batch_complete", "observations": 56, "seed": 20260826, "utc": "2026-09-03T05:34:07.214403+00:00"}
{"batch_index": 7, "event": "seed_batch_complete", "observations": 64, "seed": 20260826, "utc": "2026-09-03T05:34:10.362329+00:00"}
{"batch_index": 8, "event": "seed_batch_complete", "observations": 72, "seed": 20260826, "utc": "2026-09-03T05:34:13.572847+00:00"}
{"batch_index": 9, "event": "seed_batch_complete", "observations": 80, "seed": 20260826, "utc": "2026-09-03T05:34:16.731566+00:00"}
{"batch_index": 10, "event": "seed_batch_complete", "observations": 88, "seed": 20260826, "utc": "2026-09-03T05:34:19.962939+00:00"}
{"batch_index": 11, "event": "seed_batch_complete", "observations": 96, "seed": 20260826, "utc": "2026-09-03T05:34:23.266436+00:00"}
{"batch_index": 12, "event": "seed_batch_complete", "observations": 104, "seed": 20260826, "utc": "2026-09-03T05:34:26.492985+00:00"}
{"batch_index": 13, "event": "seed_batch_complete", "observations": 112, "seed": 20260826, "utc": "2026-09-03T05:34:29.643544+00:00"}
{"batch_index": 14, "event": "seed_batch_complete", "observations": 120, "seed": 20260826, "utc": "2026-09-03T05:34:32.799834+00:00"}
{"batch_index": 15, "event": "seed_batch_complete", "observations": 128, "seed": 20260826, "utc": "2026-09-03T05:34:36.142477+00:00"}
{"event": "seed_complete", "observations": 128, "seed": 20260826, "state_unchanged": true, "utc": "2026-09-03T05:34:36.419477+00:00"}
{"event": "calibration_complete", "formal_training_authorized": false, "selected_alpha": null, "status": "failed", "utc": "2026-09-03T05:34:36.437477+00:00"}
